<!DOCTYPE html>

<html>
<head>
    <meta name="viewport" content="width=device-width" />
</head>
<body>
    <div>
        
<h1>Welcome Example Person</h1>
<p>Welcome to our wonderful service!</p>
    </div>
</body>
</html>
